[node] gpu002  [gpu] 4  [pwd] /home/sp00002/DOHYEONG/rebelx/ecpick
NVIDIA A30, 24576 MiB
NVIDIA A30, 24576 MiB
NVIDIA A30, 24576 MiB
NVIDIA A30, 24576 MiB
NVIDIA A30, 24576 MiB
NVIDIA A30, 24576 MiB
NVIDIA A30, 24576 MiB
NVIDIA A30, 24576 MiB
[device] cuda | ECPICK (seq CNN) | eval fixed
[data] ../data/train_ec.csv | ../data/test_ec.csv
레벨별 클래스: [7, 67, 211, 2223] | 총출력: 2508
서열 one-hot 인덱스 인코딩...
/home/sp00002/miniconda3/envs/ecpick/lib/python3.10/site-packages/torch/utils/data/dataloader.py:624: UserWarning: This DataLoader will create 4 worker processes in total. Our suggested max number of worker in current system is 2, which is smaller than what this DataLoader is going to create. Please be aware that excessive worker creation might get DataLoader running slow or even freeze, lower the worker number to avoid potential slowness/freeze if necessary.
  warnings.warn(
  [ensemble 1/10] 학습...
/home/sp00002/miniconda3/envs/ecpick/lib/python3.10/site-packages/torch/utils/data/dataloader.py:624: UserWarning: This DataLoader will create 4 worker processes in total. Our suggested max number of worker in current system is 2, which is smaller than what this DataLoader is going to create. Please be aware that excessive worker creation might get DataLoader running slow or even freeze, lower the worker number to avoid potential slowness/freeze if necessary.
  warnings.warn(
    epoch  1/20  train_loss=0.2686  val_loss=0.1993  (0.8분)  | val F1(macro/micro) L1=0.402/0.424 L2=0.136/0.185 L3=0.085/0.156 L4=0.020/0.170
    epoch  2/20  train_loss=0.1795  val_loss=0.1651  (1.8분)  | val F1(macro/micro) L1=0.442/0.470 L2=0.208/0.272 L3=0.133/0.244 L4=0.050/0.285
    epoch  3/20  train_loss=0.1582  val_loss=0.1543  (2.7분)  | val F1(macro/micro) L1=0.469/0.496 L2=0.207/0.298 L3=0.158/0.249 L4=0.065/0.309
    epoch  4/20  train_loss=0.1495  val_loss=0.1522  (3.7분)  | val F1(macro/micro) L1=0.507/0.540 L2=0.263/0.314 L3=0.177/0.278 L4=0.070/0.317
    epoch  5/20  train_loss=0.1457  val_loss=0.1465  (4.5분)  | val F1(macro/micro) L1=0.507/0.558 L2=0.248/0.318 L3=0.170/0.260 L4=0.075/0.311
    epoch  6/20  train_loss=0.1442  val_loss=0.1505  (5.5분)  | val F1(macro/micro) L1=0.481/0.520 L2=0.241/0.317 L3=0.180/0.281 L4=0.076/0.339
    epoch  7/20  train_loss=0.1433  val_loss=0.1471  (6.5분)  | val F1(macro/micro) L1=0.510/0.543 L2=0.259/0.310 L3=0.188/0.281 L4=0.078/0.370
    epoch  8/20  train_loss=0.1423  val_loss=0.1483  (7.3분)  | val F1(macro/micro) L1=0.504/0.542 L2=0.271/0.305 L3=0.194/0.276 L4=0.080/0.376
    epoch  9/20  train_loss=0.1417  val_loss=0.1458  (8.2분)  | val F1(macro/micro) L1=0.522/0.581 L2=0.267/0.353 L3=0.192/0.305 L4=0.078/0.384
    epoch 10/20  train_loss=0.1412  val_loss=0.1483  (9.2분)  | val F1(macro/micro) L1=0.518/0.548 L2=0.279/0.317 L3=0.192/0.291 L4=0.081/0.374
    epoch 11/20  train_loss=0.1408  val_loss=0.1476  (10.2분)  | val F1(macro/micro) L1=0.480/0.528 L2=0.248/0.334 L3=0.189/0.304 L4=0.084/0.379
    epoch 12/20  train_loss=0.1406  val_loss=0.1477  (11.2분)  | val F1(macro/micro) L1=0.505/0.541 L2=0.264/0.341 L3=0.188/0.306 L4=0.080/0.390
    epoch 13/20  train_loss=0.1402  val_loss=0.1470  (12.2분)  | val F1(macro/micro) L1=0.514/0.562 L2=0.282/0.328 L3=0.201/0.287 L4=0.083/0.369
    epoch 14/20  train_loss=0.1400  val_loss=0.1470  (13.2분)  | val F1(macro/micro) L1=0.564/0.587 L2=0.269/0.353 L3=0.197/0.314 L4=0.081/0.389
    epoch 15/20  train_loss=0.1398  val_loss=0.1473  (14.2분)  | val F1(macro/micro) L1=0.511/0.547 L2=0.251/0.334 L3=0.193/0.304 L4=0.080/0.373
    epoch 16/20  train_loss=0.1395  val_loss=0.1455  (15.0분)  | val F1(macro/micro) L1=0.528/0.566 L2=0.261/0.325 L3=0.204/0.305 L4=0.084/0.399
    epoch 17/20  train_loss=0.1392  val_loss=0.1498  (16.0분)  | val F1(macro/micro) L1=0.533/0.575 L2=0.292/0.362 L3=0.206/0.328 L4=0.080/0.422
    epoch 18/20  train_loss=0.1391  val_loss=0.1467  (17.0분)  | val F1(macro/micro) L1=0.510/0.551 L2=0.275/0.331 L3=0.204/0.303 L4=0.081/0.363
    epoch 19/20  train_loss=0.1391  val_loss=0.1470  (17.9분)  | val F1(macro/micro) L1=0.527/0.554 L2=0.266/0.333 L3=0.194/0.300 L4=0.086/0.412
    epoch 20/20  train_loss=0.1389  val_loss=0.1443  (18.8분)  | val F1(macro/micro) L1=0.518/0.565 L2=0.266/0.324 L3=0.197/0.288 L4=0.082/0.365
    val F1(macro/micro)  model[L1=0.518/0.565 L2=0.266/0.324 L3=0.197/0.288 L4=0.082/0.365]  ensemble[L1=0.518/0.565 L2=0.266/0.324 L3=0.197/0.288 L4=0.082/0.365]
  [ensemble 2/10] 학습...
/home/sp00002/miniconda3/envs/ecpick/lib/python3.10/site-packages/torch/utils/data/dataloader.py:624: UserWarning: This DataLoader will create 4 worker processes in total. Our suggested max number of worker in current system is 2, which is smaller than what this DataLoader is going to create. Please be aware that excessive worker creation might get DataLoader running slow or even freeze, lower the worker number to avoid potential slowness/freeze if necessary.
  warnings.warn(
    epoch  1/20  train_loss=0.2705  val_loss=0.2019  (1.0분)  | val F1(macro/micro) L1=0.369/0.417 L2=0.118/0.179 L3=0.075/0.155 L4=0.019/0.142
    epoch  2/20  train_loss=0.1838  val_loss=0.1692  (1.9분)  | val F1(macro/micro) L1=0.456/0.509 L2=0.201/0.266 L3=0.141/0.229 L4=0.045/0.261
    epoch  3/20  train_loss=0.1605  val_loss=0.1590  (2.8분)  | val F1(macro/micro) L1=0.480/0.531 L2=0.245/0.311 L3=0.174/0.273 L4=0.061/0.326
    epoch  4/20  train_loss=0.1512  val_loss=0.1538  (3.8분)  | val F1(macro/micro) L1=0.509/0.525 L2=0.256/0.298 L3=0.185/0.254 L4=0.072/0.342
    epoch  5/20  train_loss=0.1472  val_loss=0.1516  (4.8분)  | val F1(macro/micro) L1=0.492/0.529 L2=0.244/0.284 L3=0.180/0.262 L4=0.071/0.347
    epoch  6/20  train_loss=0.1454  val_loss=0.1510  (5.9분)  | val F1(macro/micro) L1=0.521/0.549 L2=0.254/0.313 L3=0.188/0.277 L4=0.075/0.379
    epoch  7/20  train_loss=0.1442  val_loss=0.1477  (6.8분)  | val F1(macro/micro) L1=0.519/0.552 L2=0.260/0.336 L3=0.193/0.300 L4=0.074/0.366
    epoch  8/20  train_loss=0.1435  val_loss=0.1504  (7.7분)  | val F1(macro/micro) L1=0.522/0.552 L2=0.247/0.316 L3=0.187/0.281 L4=0.075/0.392
    epoch  9/20  train_loss=0.1429  val_loss=0.1479  (8.5분)  | val F1(macro/micro) L1=0.489/0.516 L2=0.245/0.294 L3=0.185/0.259 L4=0.080/0.351
    epoch 10/20  train_loss=0.1425  val_loss=0.1473  (9.5분)  | val F1(macro/micro) L1=0.547/0.572 L2=0.274/0.339 L3=0.204/0.303 L4=0.078/0.364
    epoch 11/20  train_loss=0.1419  val_loss=0.1485  (10.5분)  | val F1(macro/micro) L1=0.498/0.518 L2=0.267/0.322 L3=0.199/0.287 L4=0.078/0.372
    epoch 12/20  train_loss=0.1417  val_loss=0.1467  (11.5분)  | val F1(macro/micro) L1=0.532/0.559 L2=0.262/0.312 L3=0.214/0.279 L4=0.081/0.380
    epoch 13/20  train_loss=0.1413  val_loss=0.1464  (12.6분)  | val F1(macro/micro) L1=0.519/0.569 L2=0.268/0.337 L3=0.200/0.289 L4=0.080/0.357
    epoch 14/20  train_loss=0.1409  val_loss=0.1473  (13.3분)  | val F1(macro/micro) L1=0.535/0.561 L2=0.270/0.327 L3=0.210/0.294 L4=0.080/0.378
    epoch 15/20  train_loss=0.1407  val_loss=0.1461  (14.3분)  | val F1(macro/micro) L1=0.497/0.526 L2=0.247/0.333 L3=0.196/0.312 L4=0.077/0.395
    epoch 16/20  train_loss=0.1405  val_loss=0.1486  (15.3분)  | val F1(macro/micro) L1=0.528/0.548 L2=0.267/0.341 L3=0.202/0.311 L4=0.078/0.402
    epoch 17/20  train_loss=0.1401  val_loss=0.1477  (16.1분)  | val F1(macro/micro) L1=0.512/0.548 L2=0.262/0.333 L3=0.194/0.317 L4=0.077/0.377
    epoch 18/20  train_loss=0.1399  val_loss=0.1459  (17.2분)  | val F1(macro/micro) L1=0.506/0.543 L2=0.252/0.337 L3=0.200/0.315 L4=0.081/0.392
    epoch 19/20  train_loss=0.1399  val_loss=0.1459  (18.3분)  | val F1(macro/micro) L1=0.496/0.522 L2=0.254/0.340 L3=0.209/0.320 L4=0.085/0.406
    epoch 20/20  train_loss=0.1395  val_loss=0.1450  (19.3분)  | val F1(macro/micro) L1=0.530/0.561 L2=0.263/0.321 L3=0.209/0.291 L4=0.081/0.395
    val F1(macro/micro)  model[L1=0.530/0.561 L2=0.263/0.321 L3=0.209/0.291 L4=0.081/0.395]  ensemble[L1=0.580/0.617 L2=0.317/0.371 L3=0.240/0.345 L4=0.089/0.443]
  [ensemble 3/10] 학습...
/home/sp00002/miniconda3/envs/ecpick/lib/python3.10/site-packages/torch/utils/data/dataloader.py:624: UserWarning: This DataLoader will create 4 worker processes in total. Our suggested max number of worker in current system is 2, which is smaller than what this DataLoader is going to create. Please be aware that excessive worker creation might get DataLoader running slow or even freeze, lower the worker number to avoid potential slowness/freeze if necessary.
  warnings.warn(
    epoch  1/20  train_loss=0.2686  val_loss=0.2002  (0.7분)  | val F1(macro/micro) L1=0.373/0.378 L2=0.130/0.178 L3=0.078/0.145 L4=0.017/0.133
    epoch  2/20  train_loss=0.1838  val_loss=0.1688  (1.7분)  | val F1(macro/micro) L1=0.470/0.496 L2=0.203/0.254 L3=0.142/0.209 L4=0.050/0.283
    epoch  3/20  train_loss=0.1604  val_loss=0.1567  (2.7분)  | val F1(macro/micro) L1=0.468/0.515 L2=0.213/0.295 L3=0.155/0.258 L4=0.063/0.277
    epoch  4/20  train_loss=0.1506  val_loss=0.1517  (3.6분)  | val F1(macro/micro) L1=0.500/0.553 L2=0.233/0.307 L3=0.177/0.265 L4=0.068/0.315
    epoch  5/20  train_loss=0.1463  val_loss=0.1518  (4.5분)  | val F1(macro/micro) L1=0.487/0.529 L2=0.246/0.329 L3=0.178/0.285 L4=0.069/0.334
    epoch  6/20  train_loss=0.1443  val_loss=0.1498  (5.5분)  | val F1(macro/micro) L1=0.508/0.545 L2=0.246/0.298 L3=0.182/0.253 L4=0.077/0.349
    epoch  7/20  train_loss=0.1429  val_loss=0.1491  (6.4분)  | val F1(macro/micro) L1=0.508/0.531 L2=0.249/0.328 L3=0.193/0.305 L4=0.078/0.380
    epoch  8/20  train_loss=0.1420  val_loss=0.1467  (7.4분)  | val F1(macro/micro) L1=0.498/0.523 L2=0.251/0.318 L3=0.184/0.276 L4=0.083/0.393
    epoch  9/20  train_loss=0.1412  val_loss=0.1465  (8.4분)  | val F1(macro/micro) L1=0.508/0.551 L2=0.248/0.330 L3=0.192/0.302 L4=0.079/0.376
    epoch 10/20  train_loss=0.1407  val_loss=0.1469  (9.4분)  | val F1(macro/micro) L1=0.527/0.577 L2=0.259/0.340 L3=0.188/0.290 L4=0.080/0.367
    epoch 11/20  train_loss=0.1404  val_loss=0.1448  (10.4분)  | val F1(macro/micro) L1=0.527/0.573 L2=0.268/0.346 L3=0.190/0.296 L4=0.081/0.346
    epoch 12/20  train_loss=0.1399  val_loss=0.1465  (11.4분)  | val F1(macro/micro) L1=0.532/0.570 L2=0.243/0.317 L3=0.187/0.282 L4=0.083/0.398
    epoch 13/20  train_loss=0.1396  val_loss=0.1468  (12.4분)  | val F1(macro/micro) L1=0.532/0.562 L2=0.259/0.312 L3=0.202/0.281 L4=0.089/0.397
    epoch 14/20  train_loss=0.1394  val_loss=0.1459  (13.2분)  | val F1(macro/micro) L1=0.517/0.551 L2=0.264/0.333 L3=0.195/0.307 L4=0.083/0.385
    epoch 15/20  train_loss=0.1392  val_loss=0.1452  (14.1분)  | val F1(macro/micro) L1=0.530/0.563 L2=0.263/0.345 L3=0.197/0.319 L4=0.085/0.388
    epoch 16/20  train_loss=0.1391  val_loss=0.1457  (14.9분)  | val F1(macro/micro) L1=0.520/0.556 L2=0.254/0.341 L3=0.194/0.301 L4=0.084/0.383
    epoch 17/20  train_loss=0.1388  val_loss=0.1465  (15.8분)  | val F1(macro/micro) L1=0.526/0.546 L2=0.256/0.318 L3=0.198/0.289 L4=0.084/0.403
    epoch 18/20  train_loss=0.1387  val_loss=0.1470  (16.7분)  | val F1(macro/micro) L1=0.497/0.532 L2=0.244/0.323 L3=0.199/0.309 L4=0.084/0.386
    epoch 19/20  train_loss=0.1385  val_loss=0.1439  (17.4분)  | val F1(macro/micro) L1=0.515/0.549 L2=0.254/0.325 L3=0.190/0.289 L4=0.084/0.365
    epoch 20/20  train_loss=0.1384  val_loss=0.1451  (18.3분)  | val F1(macro/micro) L1=0.508/0.550 L2=0.270/0.326 L3=0.207/0.297 L4=0.084/0.389
    val F1(macro/micro)  model[L1=0.508/0.550 L2=0.270/0.326 L3=0.207/0.297 L4=0.084/0.389]  ensemble[L1=0.601/0.640 L2=0.342/0.397 L3=0.250/0.367 L4=0.092/0.466]
  [ensemble 4/10] 학습...
/home/sp00002/miniconda3/envs/ecpick/lib/python3.10/site-packages/torch/utils/data/dataloader.py:624: UserWarning: This DataLoader will create 4 worker processes in total. Our suggested max number of worker in current system is 2, which is smaller than what this DataLoader is going to create. Please be aware that excessive worker creation might get DataLoader running slow or even freeze, lower the worker number to avoid potential slowness/freeze if necessary.
  warnings.warn(
    epoch  1/20  train_loss=0.2697  val_loss=0.2023  (0.8분)  | val F1(macro/micro) L1=0.379/0.414 L2=0.146/0.194 L3=0.085/0.164 L4=0.018/0.172
    epoch  2/20  train_loss=0.1824  val_loss=0.1679  (1.7분)  | val F1(macro/micro) L1=0.455/0.489 L2=0.215/0.277 L3=0.141/0.234 L4=0.052/0.302
    epoch  3/20  train_loss=0.1592  val_loss=0.1581  (2.4분)  | val F1(macro/micro) L1=0.481/0.522 L2=0.221/0.284 L3=0.171/0.250 L4=0.066/0.309
    epoch  4/20  train_loss=0.1504  val_loss=0.1556  (3.2분)  | val F1(macro/micro) L1=0.488/0.526 L2=0.242/0.317 L3=0.169/0.272 L4=0.070/0.339
    epoch  5/20  train_loss=0.1466  val_loss=0.1532  (4.1분)  | val F1(macro/micro) L1=0.510/0.550 L2=0.257/0.320 L3=0.175/0.283 L4=0.073/0.372
    epoch  6/20  train_loss=0.1449  val_loss=0.1519  (4.9분)  | val F1(macro/micro) L1=0.521/0.559 L2=0.272/0.326 L3=0.189/0.301 L4=0.076/0.383
    epoch  7/20  train_loss=0.1439  val_loss=0.1499  (5.8분)  | val F1(macro/micro) L1=0.529/0.566 L2=0.243/0.315 L3=0.195/0.278 L4=0.079/0.330
    epoch  8/20  train_loss=0.1429  val_loss=0.1498  (6.5분)  | val F1(macro/micro) L1=0.532/0.574 L2=0.263/0.346 L3=0.195/0.306 L4=0.079/0.371
    epoch  9/20  train_loss=0.1423  val_loss=0.1509  (7.2분)  | val F1(macro/micro) L1=0.548/0.586 L2=0.268/0.321 L3=0.197/0.273 L4=0.076/0.379
    epoch 10/20  train_loss=0.1418  val_loss=0.1484  (7.9분)  | val F1(macro/micro) L1=0.531/0.548 L2=0.242/0.292 L3=0.192/0.264 L4=0.080/0.371
    epoch 11/20  train_loss=0.1414  val_loss=0.1489  (8.7분)  | val F1(macro/micro) L1=0.532/0.564 L2=0.247/0.316 L3=0.191/0.294 L4=0.082/0.392
    epoch 12/20  train_loss=0.1410  val_loss=0.1469  (9.4분)  | val F1(macro/micro) L1=0.541/0.575 L2=0.257/0.341 L3=0.200/0.308 L4=0.081/0.372
    epoch 13/20  train_loss=0.1407  val_loss=0.1485  (10.3분)  | val F1(macro/micro) L1=0.544/0.543 L2=0.266/0.309 L3=0.200/0.276 L4=0.086/0.402
    epoch 14/20  train_loss=0.1404  val_loss=0.1478  (11.0분)  | val F1(macro/micro) L1=0.557/0.577 L2=0.259/0.296 L3=0.205/0.262 L4=0.083/0.370
    epoch 15/20  train_loss=0.1401  val_loss=0.1467  (11.7분)  | val F1(macro/micro) L1=0.528/0.575 L2=0.257/0.317 L3=0.191/0.281 L4=0.080/0.357
    epoch 16/20  train_loss=0.1398  val_loss=0.1474  (12.5분)  | val F1(macro/micro) L1=0.530/0.566 L2=0.262/0.347 L3=0.195/0.309 L4=0.080/0.380
    epoch 17/20  train_loss=0.1394  val_loss=0.1446  (13.3분)  | val F1(macro/micro) L1=0.526/0.556 L2=0.238/0.310 L3=0.194/0.288 L4=0.085/0.404
    epoch 18/20  train_loss=0.1392  val_loss=0.1466  (14.2분)  | val F1(macro/micro) L1=0.510/0.531 L2=0.244/0.302 L3=0.202/0.269 L4=0.083/0.357
    epoch 19/20  train_loss=0.1389  val_loss=0.1439  (15.0분)  | val F1(macro/micro) L1=0.508/0.543 L2=0.256/0.337 L3=0.200/0.303 L4=0.084/0.386
    epoch 20/20  train_loss=0.1389  val_loss=0.1471  (15.9분)  | val F1(macro/micro) L1=0.500/0.535 L2=0.256/0.341 L3=0.206/0.321 L4=0.083/0.407
    val F1(macro/micro)  model[L1=0.500/0.535 L2=0.256/0.341 L3=0.206/0.321 L4=0.083/0.407]  ensemble[L1=0.609/0.645 L2=0.348/0.416 L3=0.252/0.389 L4=0.092/0.473]
  [ensemble 5/10] 학습...
/home/sp00002/miniconda3/envs/ecpick/lib/python3.10/site-packages/torch/utils/data/dataloader.py:624: UserWarning: This DataLoader will create 4 worker processes in total. Our suggested max number of worker in current system is 2, which is smaller than what this DataLoader is going to create. Please be aware that excessive worker creation might get DataLoader running slow or even freeze, lower the worker number to avoid potential slowness/freeze if necessary.
  warnings.warn(
    epoch  1/20  train_loss=0.2715  val_loss=0.2064  (0.9분)  | val F1(macro/micro) L1=0.374/0.397 L2=0.132/0.195 L3=0.080/0.163 L4=0.017/0.150
    epoch  2/20  train_loss=0.1844  val_loss=0.1677  (1.7분)  | val F1(macro/micro) L1=0.478/0.518 L2=0.208/0.267 L3=0.146/0.226 L4=0.046/0.258
    epoch  3/20  train_loss=0.1608  val_loss=0.1577  (2.5분)  | val F1(macro/micro) L1=0.510/0.554 L2=0.210/0.296 L3=0.160/0.251 L4=0.060/0.312
    epoch  4/20  train_loss=0.1515  val_loss=0.1560  (3.3분)  | val F1(macro/micro) L1=0.493/0.527 L2=0.213/0.290 L3=0.173/0.252 L4=0.065/0.326
    epoch  5/20  train_loss=0.1475  val_loss=0.1534  (4.2분)  | val F1(macro/micro) L1=0.501/0.535 L2=0.241/0.307 L3=0.182/0.275 L4=0.072/0.345
    epoch  6/20  train_loss=0.1455  val_loss=0.1528  (5.0분)  | val F1(macro/micro) L1=0.495/0.533 L2=0.253/0.302 L3=0.180/0.280 L4=0.073/0.390
    epoch  7/20  train_loss=0.1446  val_loss=0.1512  (5.8분)  | val F1(macro/micro) L1=0.497/0.541 L2=0.251/0.319 L3=0.188/0.287 L4=0.074/0.379
    epoch  8/20  train_loss=0.1436  val_loss=0.1491  (6.6분)  | val F1(macro/micro) L1=0.523/0.538 L2=0.257/0.305 L3=0.193/0.272 L4=0.075/0.349
    epoch  9/20  train_loss=0.1431  val_loss=0.1504  (7.4분)  | val F1(macro/micro) L1=0.532/0.550 L2=0.265/0.327 L3=0.202/0.291 L4=0.078/0.379
    epoch 10/20  train_loss=0.1423  val_loss=0.1527  (8.1분)  | val F1(macro/micro) L1=0.509/0.502 L2=0.271/0.329 L3=0.210/0.313 L4=0.076/0.399
    epoch 11/20  train_loss=0.1419  val_loss=0.1489  (9.0분)  | val F1(macro/micro) L1=0.499/0.529 L2=0.244/0.307 L3=0.191/0.285 L4=0.076/0.374
    epoch 12/20  train_loss=0.1414  val_loss=0.1472  (9.7분)  | val F1(macro/micro) L1=0.520/0.572 L2=0.256/0.330 L3=0.196/0.302 L4=0.078/0.382
    epoch 13/20  train_loss=0.1411  val_loss=0.1493  (10.4분)  | val F1(macro/micro) L1=0.516/0.541 L2=0.243/0.312 L3=0.192/0.305 L4=0.078/0.398
    epoch 14/20  train_loss=0.1407  val_loss=0.1472  (11.1분)  | val F1(macro/micro) L1=0.484/0.524 L2=0.252/0.312 L3=0.203/0.291 L4=0.083/0.371
    epoch 15/20  train_loss=0.1404  val_loss=0.1473  (11.9분)  | val F1(macro/micro) L1=0.501/0.535 L2=0.238/0.313 L3=0.196/0.296 L4=0.080/0.368
    epoch 16/20  train_loss=0.1401  val_loss=0.1460  (12.7분)  | val F1(macro/micro) L1=0.499/0.546 L2=0.258/0.342 L3=0.204/0.326 L4=0.080/0.384
    epoch 17/20  train_loss=0.1399  val_loss=0.1517  (13.6분)  | val F1(macro/micro) L1=0.509/0.554 L2=0.271/0.375 L3=0.199/0.340 L4=0.076/0.402
    epoch 18/20  train_loss=0.1397  val_loss=0.1472  (14.3분)  | val F1(macro/micro) L1=0.508/0.537 L2=0.245/0.317 L3=0.204/0.300 L4=0.081/0.383
    epoch 19/20  train_loss=0.1396  val_loss=0.1464  (15.0분)  | val F1(macro/micro) L1=0.529/0.573 L2=0.276/0.341 L3=0.212/0.313 L4=0.082/0.373
    epoch 20/20  train_loss=0.1393  val_loss=0.1454  (15.7분)  | val F1(macro/micro) L1=0.532/0.559 L2=0.280/0.344 L3=0.203/0.318 L4=0.083/0.405
    val F1(macro/micro)  model[L1=0.532/0.559 L2=0.280/0.344 L3=0.203/0.318 L4=0.083/0.405]  ensemble[L1=0.621/0.655 L2=0.348/0.429 L3=0.258/0.404 L4=0.093/0.478]
  [ensemble 6/10] 학습...
/home/sp00002/miniconda3/envs/ecpick/lib/python3.10/site-packages/torch/utils/data/dataloader.py:624: UserWarning: This DataLoader will create 4 worker processes in total. Our suggested max number of worker in current system is 2, which is smaller than what this DataLoader is going to create. Please be aware that excessive worker creation might get DataLoader running slow or even freeze, lower the worker number to avoid potential slowness/freeze if necessary.
  warnings.warn(
    epoch  1/20  train_loss=0.2690  val_loss=0.1992  (0.7분)  | val F1(macro/micro) L1=0.404/0.428 L2=0.141/0.195 L3=0.081/0.156 L4=0.019/0.149
    epoch  2/20  train_loss=0.1821  val_loss=0.1689  (1.6분)  | val F1(macro/micro) L1=0.472/0.474 L2=0.199/0.255 L3=0.141/0.236 L4=0.050/0.302
    epoch  3/20  train_loss=0.1587  val_loss=0.1572  (2.4분)  | val F1(macro/micro) L1=0.482/0.515 L2=0.228/0.280 L3=0.164/0.255 L4=0.063/0.314
    epoch  4/20  train_loss=0.1496  val_loss=0.1513  (3.1분)  | val F1(macro/micro) L1=0.496/0.525 L2=0.239/0.308 L3=0.174/0.284 L4=0.069/0.351
    epoch  5/20  train_loss=0.1458  val_loss=0.1512  (4.0분)  | val F1(macro/micro) L1=0.505/0.547 L2=0.250/0.326 L3=0.185/0.302 L4=0.075/0.371
    epoch  6/20  train_loss=0.1439  val_loss=0.1503  (4.8분)  | val F1(macro/micro) L1=0.514/0.560 L2=0.258/0.340 L3=0.191/0.300 L4=0.077/0.367
    epoch  7/20  train_loss=0.1429  val_loss=0.1489  (5.6분)  | val F1(macro/micro) L1=0.523/0.566 L2=0.262/0.328 L3=0.184/0.281 L4=0.077/0.368
    epoch  8/20  train_loss=0.1422  val_loss=0.1482  (6.5분)  | val F1(macro/micro) L1=0.494/0.542 L2=0.251/0.321 L3=0.201/0.287 L4=0.077/0.369
    epoch  9/20  train_loss=0.1416  val_loss=0.1471  (7.3분)  | val F1(macro/micro) L1=0.527/0.553 L2=0.253/0.317 L3=0.189/0.283 L4=0.078/0.349
    epoch 10/20  train_loss=0.1413  val_loss=0.1493  (8.1분)  | val F1(macro/micro) L1=0.512/0.561 L2=0.262/0.334 L3=0.202/0.305 L4=0.083/0.397
    epoch 11/20  train_loss=0.1408  val_loss=0.1476  (8.9분)  | val F1(macro/micro) L1=0.494/0.531 L2=0.256/0.321 L3=0.189/0.297 L4=0.080/0.377
    epoch 12/20  train_loss=0.1406  val_loss=0.1463  (9.7분)  | val F1(macro/micro) L1=0.499/0.543 L2=0.264/0.336 L3=0.190/0.300 L4=0.079/0.358
    epoch 13/20  train_loss=0.1404  val_loss=0.1501  (10.6분)  | val F1(macro/micro) L1=0.489/0.521 L2=0.259/0.337 L3=0.196/0.319 L4=0.081/0.383
    epoch 14/20  train_loss=0.1402  val_loss=0.1481  (11.4분)  | val F1(macro/micro) L1=0.515/0.547 L2=0.269/0.330 L3=0.209/0.301 L4=0.083/0.402
    epoch 15/20  train_loss=0.1400  val_loss=0.1484  (12.2분)  | val F1(macro/micro) L1=0.499/0.532 L2=0.261/0.327 L3=0.196/0.285 L4=0.083/0.394
    epoch 16/20  train_loss=0.1397  val_loss=0.1452  (13.1분)  | val F1(macro/micro) L1=0.485/0.535 L2=0.255/0.314 L3=0.188/0.276 L4=0.082/0.340
    epoch 17/20  train_loss=0.1397  val_loss=0.1467  (13.9분)  | val F1(macro/micro) L1=0.512/0.549 L2=0.257/0.329 L3=0.189/0.302 L4=0.081/0.402
    epoch 18/20  train_loss=0.1396  val_loss=0.1467  (14.7분)  | val F1(macro/micro) L1=0.528/0.555 L2=0.276/0.324 L3=0.204/0.286 L4=0.082/0.378
    epoch 19/20  train_loss=0.1393  val_loss=0.1451  (15.4분)  | val F1(macro/micro) L1=0.518/0.537 L2=0.276/0.335 L3=0.191/0.302 L4=0.082/0.384
    epoch 20/20  train_loss=0.1393  val_loss=0.1445  (16.1분)  | val F1(macro/micro) L1=0.515/0.544 L2=0.273/0.342 L3=0.193/0.301 L4=0.087/0.372
    val F1(macro/micro)  model[L1=0.515/0.544 L2=0.273/0.342 L3=0.193/0.301 L4=0.087/0.372]  ensemble[L1=0.626/0.659 L2=0.352/0.434 L3=0.258/0.407 L4=0.096/0.481]
  [ensemble 7/10] 학습...
/home/sp00002/miniconda3/envs/ecpick/lib/python3.10/site-packages/torch/utils/data/dataloader.py:624: UserWarning: This DataLoader will create 4 worker processes in total. Our suggested max number of worker in current system is 2, which is smaller than what this DataLoader is going to create. Please be aware that excessive worker creation might get DataLoader running slow or even freeze, lower the worker number to avoid potential slowness/freeze if necessary.
  warnings.warn(
    epoch  1/20  train_loss=0.2689  val_loss=0.2006  (0.7분)  | val F1(macro/micro) L1=0.402/0.451 L2=0.131/0.182 L3=0.075/0.144 L4=0.022/0.169
    epoch  2/20  train_loss=0.1831  val_loss=0.1674  (1.5분)  | val F1(macro/micro) L1=0.457/0.486 L2=0.196/0.250 L3=0.138/0.221 L4=0.053/0.272
    epoch  3/20  train_loss=0.1603  val_loss=0.1574  (2.3분)  | val F1(macro/micro) L1=0.489/0.493 L2=0.219/0.267 L3=0.171/0.235 L4=0.066/0.321
    epoch  4/20  train_loss=0.1515  val_loss=0.1550  (3.1분)  | val F1(macro/micro) L1=0.504/0.524 L2=0.240/0.302 L3=0.169/0.249 L4=0.066/0.321
    epoch  5/20  train_loss=0.1476  val_loss=0.1528  (3.8분)  | val F1(macro/micro) L1=0.543/0.565 L2=0.245/0.323 L3=0.184/0.272 L4=0.066/0.326
    epoch  6/20  train_loss=0.1458  val_loss=0.1500  (4.6분)  | val F1(macro/micro) L1=0.521/0.552 L2=0.254/0.293 L3=0.187/0.261 L4=0.076/0.362
    epoch  7/20  train_loss=0.1446  val_loss=0.1496  (5.3분)  | val F1(macro/micro) L1=0.526/0.572 L2=0.282/0.325 L3=0.198/0.277 L4=0.074/0.338
    epoch  8/20  train_loss=0.1436  val_loss=0.1500  (6.1분)  | val F1(macro/micro) L1=0.499/0.530 L2=0.243/0.297 L3=0.188/0.277 L4=0.074/0.378
    epoch  9/20  train_loss=0.1429  val_loss=0.1475  (6.8분)  | val F1(macro/micro) L1=0.511/0.546 L2=0.258/0.332 L3=0.199/0.306 L4=0.075/0.361
    epoch 10/20  train_loss=0.1422  val_loss=0.1482  (7.6분)  | val F1(macro/micro) L1=0.509/0.525 L2=0.253/0.336 L3=0.200/0.309 L4=0.076/0.365
    epoch 11/20  train_loss=0.1417  val_loss=0.1515  (8.4분)  | val F1(macro/micro) L1=0.521/0.536 L2=0.277/0.367 L3=0.205/0.347 L4=0.075/0.401
    epoch 12/20  train_loss=0.1414  val_loss=0.1480  (9.3분)  | val F1(macro/micro) L1=0.538/0.554 L2=0.269/0.346 L3=0.199/0.310 L4=0.080/0.393
    epoch 13/20  train_loss=0.1408  val_loss=0.1469  (10.1분)  | val F1(macro/micro) L1=0.495/0.544 L2=0.281/0.363 L3=0.204/0.325 L4=0.078/0.385
    epoch 14/20  train_loss=0.1406  val_loss=0.1460  (10.8분)  | val F1(macro/micro) L1=0.519/0.554 L2=0.260/0.340 L3=0.201/0.314 L4=0.081/0.397
    epoch 15/20  train_loss=0.1401  val_loss=0.1471  (11.6분)  | val F1(macro/micro) L1=0.521/0.564 L2=0.287/0.335 L3=0.212/0.306 L4=0.080/0.396
    epoch 16/20  train_loss=0.1400  val_loss=0.1452  (12.3분)  | val F1(macro/micro) L1=0.509/0.534 L2=0.259/0.328 L3=0.200/0.292 L4=0.085/0.385
    epoch 17/20  train_loss=0.1396  val_loss=0.1457  (13.2분)  | val F1(macro/micro) L1=0.524/0.565 L2=0.275/0.351 L3=0.209/0.322 L4=0.082/0.384
    epoch 18/20  train_loss=0.1395  val_loss=0.1446  (13.9분)  | val F1(macro/micro) L1=0.509/0.550 L2=0.262/0.343 L3=0.189/0.297 L4=0.082/0.372
    epoch 19/20  train_loss=0.1392  val_loss=0.1457  (14.7분)  | val F1(macro/micro) L1=0.523/0.556 L2=0.274/0.311 L3=0.198/0.280 L4=0.082/0.375
    epoch 20/20  train_loss=0.1389  val_loss=0.1455  (15.5분)  | val F1(macro/micro) L1=0.521/0.551 L2=0.281/0.356 L3=0.202/0.329 L4=0.083/0.398
    val F1(macro/micro)  model[L1=0.521/0.551 L2=0.281/0.356 L3=0.202/0.329 L4=0.083/0.398]  ensemble[L1=0.628/0.662 L2=0.366/0.450 L3=0.260/0.419 L4=0.096/0.483]
  [ensemble 8/10] 학습...
/home/sp00002/miniconda3/envs/ecpick/lib/python3.10/site-packages/torch/utils/data/dataloader.py:624: UserWarning: This DataLoader will create 4 worker processes in total. Our suggested max number of worker in current system is 2, which is smaller than what this DataLoader is going to create. Please be aware that excessive worker creation might get DataLoader running slow or even freeze, lower the worker number to avoid potential slowness/freeze if necessary.
  warnings.warn(
    epoch  1/20  train_loss=0.2696  val_loss=0.1985  (0.9분)  | val F1(macro/micro) L1=0.386/0.414 L2=0.127/0.184 L3=0.081/0.154 L4=0.017/0.147
    epoch  2/20  train_loss=0.1843  val_loss=0.1676  (1.7분)  | val F1(macro/micro) L1=0.451/0.478 L2=0.202/0.260 L3=0.141/0.219 L4=0.049/0.256
    epoch  3/20  train_loss=0.1606  val_loss=0.1617  (2.4분)  | val F1(macro/micro) L1=0.483/0.519 L2=0.225/0.257 L3=0.172/0.247 L4=0.064/0.345
    epoch  4/20  train_loss=0.1512  val_loss=0.1552  (3.2분)  | val F1(macro/micro) L1=0.490/0.549 L2=0.244/0.327 L3=0.183/0.296 L4=0.071/0.351
    epoch  5/20  train_loss=0.1468  val_loss=0.1516  (4.1분)  | val F1(macro/micro) L1=0.523/0.551 L2=0.248/0.300 L3=0.187/0.264 L4=0.077/0.345
    epoch  6/20  train_loss=0.1447  val_loss=0.1497  (4.9분)  | val F1(macro/micro) L1=0.519/0.563 L2=0.240/0.315 L3=0.191/0.282 L4=0.077/0.356
    epoch  7/20  train_loss=0.1435  val_loss=0.1511  (5.7분)  | val F1(macro/micro) L1=0.482/0.502 L2=0.254/0.294 L3=0.193/0.264 L4=0.081/0.373
    epoch  8/20  train_loss=0.1426  val_loss=0.1484  (6.5분)  | val F1(macro/micro) L1=0.488/0.466 L2=0.244/0.287 L3=0.190/0.260 L4=0.081/0.396
    epoch  9/20  train_loss=0.1420  val_loss=0.1475  (7.4분)  | val F1(macro/micro) L1=0.512/0.557 L2=0.253/0.331 L3=0.191/0.296 L4=0.080/0.370
    epoch 10/20  train_loss=0.1415  val_loss=0.1483  (8.1분)  | val F1(macro/micro) L1=0.504/0.542 L2=0.251/0.324 L3=0.193/0.296 L4=0.079/0.389
    epoch 11/20  train_loss=0.1412  val_loss=0.1472  (8.8분)  | val F1(macro/micro) L1=0.519/0.551 L2=0.257/0.336 L3=0.192/0.295 L4=0.078/0.369
    epoch 12/20  train_loss=0.1408  val_loss=0.1469  (9.5분)  | val F1(macro/micro) L1=0.485/0.526 L2=0.252/0.331 L3=0.191/0.305 L4=0.082/0.375
    epoch 13/20  train_loss=0.1406  val_loss=0.1468  (10.2분)  | val F1(macro/micro) L1=0.520/0.582 L2=0.264/0.348 L3=0.199/0.306 L4=0.079/0.371
    epoch 14/20  train_loss=0.1405  val_loss=0.1479  (11.0분)  | val F1(macro/micro) L1=0.515/0.527 L2=0.263/0.307 L3=0.203/0.279 L4=0.085/0.364
    epoch 15/20  train_loss=0.1402  val_loss=0.1472  (11.8분)  | val F1(macro/micro) L1=0.490/0.500 L2=0.264/0.314 L3=0.198/0.282 L4=0.080/0.372
    epoch 16/20  train_loss=0.1400  val_loss=0.1463  (12.7분)  | val F1(macro/micro) L1=0.525/0.564 L2=0.282/0.333 L3=0.206/0.303 L4=0.082/0.401
    epoch 17/20  train_loss=0.1398  val_loss=0.1475  (13.5분)  | val F1(macro/micro) L1=0.506/0.538 L2=0.268/0.325 L3=0.206/0.304 L4=0.082/0.385
    epoch 18/20  train_loss=0.1398  val_loss=0.1482  (14.3분)  | val F1(macro/micro) L1=0.535/0.549 L2=0.273/0.323 L3=0.205/0.301 L4=0.079/0.393
    epoch 19/20  train_loss=0.1398  val_loss=0.1459  (15.2분)  | val F1(macro/micro) L1=0.513/0.568 L2=0.285/0.335 L3=0.201/0.295 L4=0.082/0.372
    epoch 20/20  train_loss=0.1397  val_loss=0.1452  (16.1분)  | val F1(macro/micro) L1=0.506/0.564 L2=0.272/0.356 L3=0.207/0.313 L4=0.083/0.375
    val F1(macro/micro)  model[L1=0.506/0.564 L2=0.272/0.356 L3=0.207/0.313 L4=0.083/0.375]  ensemble[L1=0.631/0.668 L2=0.366/0.456 L3=0.261/0.423 L4=0.096/0.483]
  [ensemble 9/10] 학습...
/home/sp00002/miniconda3/envs/ecpick/lib/python3.10/site-packages/torch/utils/data/dataloader.py:624: UserWarning: This DataLoader will create 4 worker processes in total. Our suggested max number of worker in current system is 2, which is smaller than what this DataLoader is going to create. Please be aware that excessive worker creation might get DataLoader running slow or even freeze, lower the worker number to avoid potential slowness/freeze if necessary.
  warnings.warn(
    epoch  1/20  train_loss=0.2695  val_loss=0.2003  (0.8분)  | val F1(macro/micro) L1=0.403/0.434 L2=0.148/0.204 L3=0.084/0.166 L4=0.018/0.156
    epoch  2/20  train_loss=0.1805  val_loss=0.1653  (1.5분)  | val F1(macro/micro) L1=0.472/0.523 L2=0.211/0.265 L3=0.154/0.229 L4=0.051/0.272
    epoch  3/20  train_loss=0.1583  val_loss=0.1583  (2.2분)  | val F1(macro/micro) L1=0.469/0.477 L2=0.221/0.280 L3=0.173/0.248 L4=0.063/0.322
    epoch  4/20  train_loss=0.1497  val_loss=0.1538  (2.9분)  | val F1(macro/micro) L1=0.499/0.546 L2=0.236/0.318 L3=0.187/0.279 L4=0.069/0.335
    epoch  5/20  train_loss=0.1463  val_loss=0.1516  (3.6분)  | val F1(macro/micro) L1=0.516/0.559 L2=0.249/0.323 L3=0.199/0.282 L4=0.074/0.369
    epoch  6/20  train_loss=0.1447  val_loss=0.1512  (4.5분)  | val F1(macro/micro) L1=0.489/0.529 L2=0.247/0.313 L3=0.186/0.277 L4=0.073/0.331
    epoch  7/20  train_loss=0.1437  val_loss=0.1487  (5.2분)  | val F1(macro/micro) L1=0.489/0.536 L2=0.241/0.324 L3=0.193/0.281 L4=0.076/0.338
    epoch  8/20  train_loss=0.1429  val_loss=0.1497  (5.9분)  | val F1(macro/micro) L1=0.515/0.570 L2=0.251/0.320 L3=0.193/0.291 L4=0.074/0.380
    epoch  9/20  train_loss=0.1423  val_loss=0.1483  (6.6분)  | val F1(macro/micro) L1=0.477/0.475 L2=0.250/0.293 L3=0.205/0.276 L4=0.081/0.381
    epoch 10/20  train_loss=0.1417  val_loss=0.1477  (7.3분)  | val F1(macro/micro) L1=0.520/0.556 L2=0.269/0.315 L3=0.195/0.270 L4=0.081/0.372
    epoch 11/20  train_loss=0.1413  val_loss=0.1462  (8.0분)  | val F1(macro/micro) L1=0.509/0.533 L2=0.245/0.318 L3=0.198/0.294 L4=0.081/0.387
    epoch 12/20  train_loss=0.1410  val_loss=0.1473  (8.8분)  | val F1(macro/micro) L1=0.528/0.575 L2=0.289/0.347 L3=0.202/0.297 L4=0.079/0.369
    epoch 13/20  train_loss=0.1407  val_loss=0.1479  (9.5분)  | val F1(macro/micro) L1=0.508/0.529 L2=0.275/0.333 L3=0.202/0.299 L4=0.082/0.411
    epoch 14/20  train_loss=0.1403  val_loss=0.1475  (10.2분)  | val F1(macro/micro) L1=0.508/0.557 L2=0.282/0.363 L3=0.213/0.315 L4=0.082/0.412
    epoch 15/20  train_loss=0.1402  val_loss=0.1473  (10.9분)  | val F1(macro/micro) L1=0.518/0.547 L2=0.253/0.334 L3=0.203/0.293 L4=0.080/0.387
    epoch 16/20  train_loss=0.1400  val_loss=0.1481  (11.7분)  | val F1(macro/micro) L1=0.497/0.518 L2=0.264/0.316 L3=0.212/0.292 L4=0.085/0.405
    epoch 17/20  train_loss=0.1397  val_loss=0.1458  (12.6분)  | val F1(macro/micro) L1=0.497/0.523 L2=0.265/0.330 L3=0.198/0.293 L4=0.086/0.390
    epoch 18/20  train_loss=0.1395  val_loss=0.1447  (13.4분)  | val F1(macro/micro) L1=0.501/0.553 L2=0.267/0.359 L3=0.204/0.323 L4=0.084/0.399
    epoch 19/20  train_loss=0.1393  val_loss=0.1450  (14.1분)  | val F1(macro/micro) L1=0.502/0.543 L2=0.274/0.326 L3=0.199/0.280 L4=0.085/0.377
    epoch 20/20  train_loss=0.1391  val_loss=0.1452  (14.9분)  | val F1(macro/micro) L1=0.499/0.525 L2=0.264/0.331 L3=0.194/0.296 L4=0.084/0.391
    val F1(macro/micro)  model[L1=0.499/0.525 L2=0.264/0.331 L3=0.194/0.296 L4=0.084/0.391]  ensemble[L1=0.625/0.663 L2=0.363/0.456 L3=0.260/0.421 L4=0.096/0.483]
  [ensemble 10/10] 학습...
/home/sp00002/miniconda3/envs/ecpick/lib/python3.10/site-packages/torch/utils/data/dataloader.py:624: UserWarning: This DataLoader will create 4 worker processes in total. Our suggested max number of worker in current system is 2, which is smaller than what this DataLoader is going to create. Please be aware that excessive worker creation might get DataLoader running slow or even freeze, lower the worker number to avoid potential slowness/freeze if necessary.
  warnings.warn(
    epoch  1/20  train_loss=0.2689  val_loss=0.1999  (0.7분)  | val F1(macro/micro) L1=0.392/0.450 L2=0.118/0.202 L3=0.070/0.152 L4=0.015/0.134
    epoch  2/20  train_loss=0.1837  val_loss=0.1692  (1.6분)  | val F1(macro/micro) L1=0.472/0.511 L2=0.205/0.253 L3=0.146/0.215 L4=0.048/0.277
    epoch  3/20  train_loss=0.1598  val_loss=0.1560  (2.4분)  | val F1(macro/micro) L1=0.482/0.500 L2=0.217/0.272 L3=0.160/0.237 L4=0.066/0.299
    epoch  4/20  train_loss=0.1501  val_loss=0.1541  (3.2분)  | val F1(macro/micro) L1=0.508/0.541 L2=0.249/0.299 L3=0.180/0.258 L4=0.070/0.329
    epoch  5/20  train_loss=0.1462  val_loss=0.1515  (3.9분)  | val F1(macro/micro) L1=0.488/0.495 L2=0.243/0.299 L3=0.173/0.275 L4=0.076/0.361
    epoch  6/20  train_loss=0.1442  val_loss=0.1505  (4.7분)  | val F1(macro/micro) L1=0.522/0.559 L2=0.247/0.305 L3=0.176/0.275 L4=0.075/0.371
    epoch  7/20  train_loss=0.1433  val_loss=0.1491  (5.4분)  | val F1(macro/micro) L1=0.505/0.543 L2=0.237/0.294 L3=0.188/0.276 L4=0.077/0.358
    epoch  8/20  train_loss=0.1425  val_loss=0.1473  (6.1분)  | val F1(macro/micro) L1=0.520/0.550 L2=0.250/0.330 L3=0.187/0.291 L4=0.077/0.366
    epoch  9/20  train_loss=0.1420  val_loss=0.1492  (6.9분)  | val F1(macro/micro) L1=0.495/0.532 L2=0.240/0.301 L3=0.189/0.284 L4=0.080/0.384
    epoch 10/20  train_loss=0.1414  val_loss=0.1454  (7.6분)  | val F1(macro/micro) L1=0.507/0.539 L2=0.250/0.319 L3=0.195/0.294 L4=0.083/0.388
    epoch 11/20  train_loss=0.1410  val_loss=0.1450  (8.3분)  | val F1(macro/micro) L1=0.534/0.577 L2=0.252/0.327 L3=0.188/0.294 L4=0.080/0.378
    epoch 12/20  train_loss=0.1407  val_loss=0.1463  (9.0분)  | val F1(macro/micro) L1=0.507/0.533 L2=0.245/0.319 L3=0.188/0.304 L4=0.080/0.379
    epoch 13/20  train_loss=0.1402  val_loss=0.1468  (9.7분)  | val F1(macro/micro) L1=0.512/0.557 L2=0.259/0.324 L3=0.192/0.293 L4=0.081/0.372
    epoch 14/20  train_loss=0.1399  val_loss=0.1448  (10.4분)  | val F1(macro/micro) L1=0.515/0.555 L2=0.251/0.329 L3=0.195/0.309 L4=0.083/0.399
    epoch 15/20  train_loss=0.1397  val_loss=0.1456  (11.1분)  | val F1(macro/micro) L1=0.515/0.553 L2=0.262/0.303 L3=0.191/0.272 L4=0.081/0.343
    epoch 16/20  train_loss=0.1393  val_loss=0.1444  (11.8분)  | val F1(macro/micro) L1=0.513/0.568 L2=0.273/0.359 L3=0.190/0.323 L4=0.079/0.358
    epoch 17/20  train_loss=0.1391  val_loss=0.1462  (12.5분)  | val F1(macro/micro) L1=0.516/0.560 L2=0.262/0.323 L3=0.197/0.285 L4=0.082/0.380
    epoch 18/20  train_loss=0.1391  val_loss=0.1454  (13.3분)  | val F1(macro/micro) L1=0.529/0.586 L2=0.263/0.356 L3=0.196/0.323 L4=0.083/0.393
    epoch 19/20  train_loss=0.1390  val_loss=0.1453  (13.9분)  | val F1(macro/micro) L1=0.534/0.586 L2=0.242/0.342 L3=0.191/0.310 L4=0.081/0.398
    epoch 20/20  train_loss=0.1388  val_loss=0.1453  (14.7분)  | val F1(macro/micro) L1=0.482/0.519 L2=0.254/0.335 L3=0.195/0.309 L4=0.085/0.406
    val F1(macro/micro)  model[L1=0.482/0.519 L2=0.254/0.335 L3=0.195/0.309 L4=0.085/0.406]  ensemble[L1=0.623/0.662 L2=0.360/0.456 L3=0.264/0.423 L4=0.096/0.486]
  [클래스별 성능 저장] results/perclass__ECPICK__seq__train_ec__fixed.csv (2508 classes)
  [러닝커브 저장] results/learncurve__ECPICK__seq__train_ec__fixed.csv (+ __mean.csv)

=== test per-level F1 (고정 분할) ===
 level  n_eval  n_labeled   macroP   macroR  macroF1   microP   microR  microF1
     1    5584       5584 0.521583 0.830472 0.623126 0.565853 0.797099 0.661859
     2    5584       5584 0.345362 0.522697 0.359884 0.319983 0.795487 0.456385
     3    5584       5584 0.277908 0.350054 0.263598 0.293263 0.759312 0.423111
     4    5584       5575 0.106532 0.106517 0.095903 0.473774 0.499013 0.486066
saved -> results/ECPICK__seq__train_ec.csv

✅ 끝.
=== ECPICK 완료 -> results/ECPICK__seq__train_ec.csv ===
