[node] gpu001  [gpu] 0  [pwd] /home/sp00002/DOHYEONG/rebelx/ecpick
NVIDIA A30, 24576 MiB
NVIDIA A30, 24576 MiB
NVIDIA A30, 24576 MiB
NVIDIA A30, 24576 MiB
NVIDIA A30, 24576 MiB
NVIDIA A30, 24576 MiB
NVIDIA A30, 24576 MiB
NVIDIA A30, 24576 MiB
[device] cuda | ECPICK (seq CNN) | eval fixed
[data] ../data/train_ec.csv | ../data/test_ec.csv
레벨별 클래스: [7, 67, 212, 1889] | 총출력: 2175
서열 one-hot 인덱스 인코딩...
  [ensemble 1/10] 학습...
    epoch  1/20  train_loss=0.3011  val_loss=0.2216  (0.7분)  | val F1(macro/micro) L1=0.442/0.451 L2=0.156/0.199 L3=0.116/0.168 L4=0.042/0.229
    epoch  2/20  train_loss=0.1975  val_loss=0.1836  (1.4분)  | val F1(macro/micro) L1=0.487/0.541 L2=0.256/0.329 L3=0.185/0.278 L4=0.082/0.306
    epoch  3/20  train_loss=0.1727  val_loss=0.1694  (2.0분)  | val F1(macro/micro) L1=0.491/0.538 L2=0.249/0.316 L3=0.201/0.271 L4=0.098/0.299
    epoch  4/20  train_loss=0.1631  val_loss=0.1678  (2.7분)  | val F1(macro/micro) L1=0.529/0.584 L2=0.264/0.330 L3=0.209/0.278 L4=0.106/0.326
    epoch  5/20  train_loss=0.1593  val_loss=0.1659  (3.4분)  | val F1(macro/micro) L1=0.526/0.550 L2=0.275/0.338 L3=0.225/0.306 L4=0.120/0.420
    epoch  6/20  train_loss=0.1568  val_loss=0.1655  (4.0분)  | val F1(macro/micro) L1=0.515/0.525 L2=0.280/0.321 L3=0.214/0.294 L4=0.115/0.384
    epoch  7/20  train_loss=0.1554  val_loss=0.1612  (4.7분)  | val F1(macro/micro) L1=0.514/0.545 L2=0.273/0.338 L3=0.216/0.302 L4=0.119/0.380
    epoch  8/20  train_loss=0.1544  val_loss=0.1615  (5.4분)  | val F1(macro/micro) L1=0.524/0.560 L2=0.262/0.334 L3=0.210/0.324 L4=0.115/0.390
    epoch  9/20  train_loss=0.1536  val_loss=0.1592  (6.0분)  | val F1(macro/micro) L1=0.539/0.556 L2=0.290/0.340 L3=0.228/0.290 L4=0.121/0.390
    epoch 10/20  train_loss=0.1526  val_loss=0.1592  (6.7분)  | val F1(macro/micro) L1=0.536/0.560 L2=0.293/0.361 L3=0.231/0.315 L4=0.124/0.389
    epoch 11/20  train_loss=0.1521  val_loss=0.1582  (7.4분)  | val F1(macro/micro) L1=0.550/0.588 L2=0.295/0.380 L3=0.229/0.331 L4=0.124/0.413
    epoch 12/20  train_loss=0.1515  val_loss=0.1586  (8.0분)  | val F1(macro/micro) L1=0.555/0.595 L2=0.306/0.383 L3=0.234/0.333 L4=0.121/0.380
    epoch 13/20  train_loss=0.1512  val_loss=0.1604  (8.7분)  | val F1(macro/micro) L1=0.540/0.561 L2=0.277/0.332 L3=0.230/0.294 L4=0.123/0.415
    epoch 14/20  train_loss=0.1508  val_loss=0.1575  (9.4분)  | val F1(macro/micro) L1=0.547/0.554 L2=0.290/0.385 L3=0.224/0.344 L4=0.124/0.412
    epoch 15/20  train_loss=0.1506  val_loss=0.1559  (10.0분)  | val F1(macro/micro) L1=0.548/0.590 L2=0.302/0.386 L3=0.226/0.336 L4=0.129/0.396
    epoch 16/20  train_loss=0.1504  val_loss=0.1586  (10.7분)  | val F1(macro/micro) L1=0.533/0.589 L2=0.316/0.395 L3=0.232/0.351 L4=0.122/0.404
    epoch 17/20  train_loss=0.1501  val_loss=0.1586  (11.4분)  | val F1(macro/micro) L1=0.571/0.570 L2=0.314/0.360 L3=0.232/0.304 L4=0.124/0.409
    epoch 18/20  train_loss=0.1497  val_loss=0.1582  (12.1분)  | val F1(macro/micro) L1=0.540/0.562 L2=0.308/0.363 L3=0.232/0.336 L4=0.122/0.431
    epoch 19/20  train_loss=0.1496  val_loss=0.1562  (12.8분)  | val F1(macro/micro) L1=0.525/0.549 L2=0.296/0.353 L3=0.225/0.337 L4=0.124/0.412
    epoch 20/20  train_loss=0.1493  val_loss=0.1567  (13.5분)  | val F1(macro/micro) L1=0.565/0.581 L2=0.315/0.384 L3=0.250/0.356 L4=0.122/0.423
    val F1(macro/micro)  model[L1=0.565/0.581 L2=0.315/0.384 L3=0.250/0.356 L4=0.122/0.423]  ensemble[L1=0.565/0.581 L2=0.315/0.384 L3=0.250/0.356 L4=0.122/0.423]
  [ensemble 2/10] 학습...
    epoch  1/20  train_loss=0.2989  val_loss=0.2144  (0.7분)  | val F1(macro/micro) L1=0.412/0.459 L2=0.166/0.228 L3=0.107/0.186 L4=0.036/0.176
    epoch  2/20  train_loss=0.1963  val_loss=0.1839  (1.4분)  | val F1(macro/micro) L1=0.484/0.521 L2=0.239/0.290 L3=0.176/0.248 L4=0.083/0.308
    epoch  3/20  train_loss=0.1728  val_loss=0.1712  (2.1분)  | val F1(macro/micro) L1=0.540/0.570 L2=0.279/0.334 L3=0.210/0.282 L4=0.100/0.352
    epoch  4/20  train_loss=0.1631  val_loss=0.1698  (2.8분)  | val F1(macro/micro) L1=0.495/0.532 L2=0.282/0.323 L3=0.215/0.284 L4=0.110/0.354
    epoch  5/20  train_loss=0.1588  val_loss=0.1664  (3.5분)  | val F1(macro/micro) L1=0.542/0.578 L2=0.288/0.348 L3=0.213/0.283 L4=0.116/0.408
    epoch  6/20  train_loss=0.1565  val_loss=0.1634  (4.1분)  | val F1(macro/micro) L1=0.515/0.532 L2=0.262/0.346 L3=0.209/0.330 L4=0.110/0.389
    epoch  7/20  train_loss=0.1551  val_loss=0.1633  (4.8분)  | val F1(macro/micro) L1=0.575/0.606 L2=0.320/0.373 L3=0.232/0.308 L4=0.118/0.371
    epoch  8/20  train_loss=0.1540  val_loss=0.1632  (5.5분)  | val F1(macro/micro) L1=0.568/0.582 L2=0.299/0.367 L3=0.224/0.323 L4=0.117/0.386
    epoch  9/20  train_loss=0.1531  val_loss=0.1615  (6.2분)  | val F1(macro/micro) L1=0.531/0.573 L2=0.282/0.350 L3=0.214/0.311 L4=0.121/0.427
    epoch 10/20  train_loss=0.1523  val_loss=0.1616  (6.9분)  | val F1(macro/micro) L1=0.522/0.559 L2=0.299/0.345 L3=0.230/0.321 L4=0.122/0.419
    epoch 11/20  train_loss=0.1518  val_loss=0.1598  (7.6분)  | val F1(macro/micro) L1=0.525/0.566 L2=0.292/0.377 L3=0.223/0.323 L4=0.123/0.397
    epoch 12/20  train_loss=0.1512  val_loss=0.1602  (8.3분)  | val F1(macro/micro) L1=0.534/0.555 L2=0.290/0.349 L3=0.236/0.321 L4=0.123/0.440
    epoch 13/20  train_loss=0.1507  val_loss=0.1576  (9.0분)  | val F1(macro/micro) L1=0.513/0.537 L2=0.315/0.361 L3=0.230/0.331 L4=0.123/0.421
    epoch 14/20  train_loss=0.1504  val_loss=0.1572  (9.7분)  | val F1(macro/micro) L1=0.537/0.546 L2=0.293/0.357 L3=0.226/0.316 L4=0.127/0.399
    epoch 15/20  train_loss=0.1500  val_loss=0.1591  (10.4분)  | val F1(macro/micro) L1=0.532/0.574 L2=0.303/0.343 L3=0.234/0.303 L4=0.125/0.396
    epoch 16/20  train_loss=0.1498  val_loss=0.1571  (11.1분)  | val F1(macro/micro) L1=0.546/0.574 L2=0.301/0.341 L3=0.234/0.312 L4=0.128/0.405
    epoch 17/20  train_loss=0.1495  val_loss=0.1596  (11.8분)  | val F1(macro/micro) L1=0.540/0.568 L2=0.314/0.384 L3=0.243/0.353 L4=0.123/0.405
    epoch 18/20  train_loss=0.1493  val_loss=0.1570  (12.4분)  | val F1(macro/micro) L1=0.535/0.569 L2=0.326/0.370 L3=0.244/0.350 L4=0.126/0.431
    epoch 19/20  train_loss=0.1491  val_loss=0.1569  (13.1분)  | val F1(macro/micro) L1=0.532/0.571 L2=0.321/0.370 L3=0.241/0.346 L4=0.126/0.438
    epoch 20/20  train_loss=0.1489  val_loss=0.1569  (13.8분)  | val F1(macro/micro) L1=0.576/0.595 L2=0.332/0.379 L3=0.241/0.337 L4=0.129/0.436
    val F1(macro/micro)  model[L1=0.576/0.595 L2=0.332/0.379 L3=0.241/0.337 L4=0.129/0.436]  ensemble[L1=0.627/0.637 L2=0.368/0.450 L3=0.276/0.415 L4=0.132/0.481]
  [ensemble 3/10] 학습...
    epoch  1/20  train_loss=0.3025  val_loss=0.2196  (0.7분)  | val F1(macro/micro) L1=0.429/0.457 L2=0.157/0.229 L3=0.100/0.194 L4=0.039/0.217
    epoch  2/20  train_loss=0.1971  val_loss=0.1804  (1.4분)  | val F1(macro/micro) L1=0.503/0.537 L2=0.261/0.299 L3=0.181/0.254 L4=0.088/0.315
    epoch  3/20  train_loss=0.1716  val_loss=0.1734  (2.1분)  | val F1(macro/micro) L1=0.518/0.564 L2=0.276/0.354 L3=0.206/0.307 L4=0.095/0.360
    epoch  4/20  train_loss=0.1624  val_loss=0.1687  (2.8분)  | val F1(macro/micro) L1=0.485/0.508 L2=0.265/0.304 L3=0.204/0.294 L4=0.105/0.321
    epoch  5/20  train_loss=0.1584  val_loss=0.1675  (3.5분)  | val F1(macro/micro) L1=0.515/0.539 L2=0.266/0.315 L3=0.212/0.273 L4=0.113/0.370
    epoch  6/20  train_loss=0.1564  val_loss=0.1640  (4.2분)  | val F1(macro/micro) L1=0.546/0.586 L2=0.305/0.378 L3=0.229/0.336 L4=0.118/0.389
    epoch  7/20  train_loss=0.1550  val_loss=0.1611  (4.9분)  | val F1(macro/micro) L1=0.524/0.529 L2=0.264/0.321 L3=0.223/0.296 L4=0.117/0.371
    epoch  8/20  train_loss=0.1539  val_loss=0.1621  (5.6분)  | val F1(macro/micro) L1=0.514/0.562 L2=0.296/0.395 L3=0.226/0.375 L4=0.117/0.410
    epoch  9/20  train_loss=0.1533  val_loss=0.1600  (6.3분)  | val F1(macro/micro) L1=0.565/0.606 L2=0.287/0.350 L3=0.225/0.320 L4=0.120/0.426
    epoch 10/20  train_loss=0.1525  val_loss=0.1571  (6.9분)  | val F1(macro/micro) L1=0.539/0.585 L2=0.295/0.360 L3=0.220/0.312 L4=0.121/0.393
    epoch 11/20  train_loss=0.1520  val_loss=0.1589  (7.6분)  | val F1(macro/micro) L1=0.529/0.571 L2=0.311/0.385 L3=0.239/0.344 L4=0.119/0.414
    epoch 12/20  train_loss=0.1515  val_loss=0.1597  (8.3분)  | val F1(macro/micro) L1=0.549/0.606 L2=0.345/0.403 L3=0.247/0.359 L4=0.119/0.414
    epoch 13/20  train_loss=0.1510  val_loss=0.1592  (9.0분)  | val F1(macro/micro) L1=0.553/0.598 L2=0.301/0.395 L3=0.231/0.363 L4=0.119/0.416
    epoch 14/20  train_loss=0.1507  val_loss=0.1587  (9.7분)  | val F1(macro/micro) L1=0.515/0.551 L2=0.281/0.331 L3=0.223/0.302 L4=0.126/0.394
    epoch 15/20  train_loss=0.1502  val_loss=0.1576  (10.4분)  | val F1(macro/micro) L1=0.550/0.583 L2=0.308/0.379 L3=0.242/0.356 L4=0.127/0.417
    epoch 16/20  train_loss=0.1499  val_loss=0.1552  (11.1분)  | val F1(macro/micro) L1=0.541/0.583 L2=0.313/0.354 L3=0.237/0.314 L4=0.126/0.403
    epoch 17/20  train_loss=0.1499  val_loss=0.1561  (11.8분)  | val F1(macro/micro) L1=0.538/0.567 L2=0.295/0.365 L3=0.231/0.333 L4=0.126/0.404
slurmstepd: error: *** JOB 119546 ON gpu001 CANCELLED AT 2026-07-13T14:33:58 ***
