[device] cuda | nodes=2149 | level sizes=[7, 67, 211, 1864] | train=147395 test=5321
[pos_weight] on (cap=50.0) | 평균=49.6 최대=50.0
ep   10/300 loss=0.0223 (0.6m) | test microF1 L1=0.948 L2=0.902 L3=0.862 L4=0.677
ep   20/300 loss=0.0223 (1.2m) | test microF1 L1=0.942 L2=0.899 L3=0.864 L4=0.662
ep   30/300 loss=0.0221 (1.8m) | test microF1 L1=0.948 L2=0.906 L3=0.872 L4=0.683
ep   40/300 loss=0.0222 (2.4m) | test microF1 L1=0.947 L2=0.902 L3=0.861 L4=0.663
ep   50/300 loss=0.0221 (2.9m) | test microF1 L1=0.951 L2=0.903 L3=0.857 L4=0.655
ep   60/300 loss=0.0221 (3.5m) | test microF1 L1=0.953 L2=0.916 L3=0.881 L4=0.693
ep   70/300 loss=0.0221 (4.1m) | test microF1 L1=0.956 L2=0.921 L3=0.890 L4=0.702
ep   80/300 loss=0.0221 (4.7m) | test microF1 L1=0.954 L2=0.917 L3=0.878 L4=0.675
ep   90/300 loss=0.0221 (5.3m) | test microF1 L1=0.948 L2=0.907 L3=0.873 L4=0.655
ep  100/300 loss=0.0222 (5.9m) | test microF1 L1=0.954 L2=0.915 L3=0.877 L4=0.659
ep  110/300 loss=0.0222 (6.5m) | test microF1 L1=0.949 L2=0.906 L3=0.871 L4=0.664
ep  120/300 loss=0.0222 (7.1m) | test microF1 L1=0.955 L2=0.921 L3=0.885 L4=0.669
ep  130/300 loss=0.0221 (7.6m) | test microF1 L1=0.955 L2=0.910 L3=0.870 L4=0.668
ep  140/300 loss=0.0223 (8.2m) | test microF1 L1=0.951 L2=0.913 L3=0.874 L4=0.655
ep  150/300 loss=0.0222 (8.8m) | test microF1 L1=0.951 L2=0.913 L3=0.876 L4=0.674
ep  160/300 loss=0.0222 (9.4m) | test microF1 L1=0.956 L2=0.921 L3=0.885 L4=0.669
ep  170/300 loss=0.0222 (10.0m) | test microF1 L1=0.949 L2=0.906 L3=0.869 L4=0.655
ep  180/300 loss=0.0222 (10.6m) | test microF1 L1=0.955 L2=0.915 L3=0.880 L4=0.675
ep  190/300 loss=0.0222 (11.2m) | test microF1 L1=0.952 L2=0.918 L3=0.883 L4=0.672
ep  200/300 loss=0.0222 (11.8m) | test microF1 L1=0.953 L2=0.911 L3=0.873 L4=0.642
ep  210/300 loss=0.0223 (12.3m) | test microF1 L1=0.957 L2=0.918 L3=0.885 L4=0.689
ep  220/300 loss=0.0223 (12.9m) | test microF1 L1=0.957 L2=0.916 L3=0.879 L4=0.670
ep  230/300 loss=0.0222 (13.5m) | test microF1 L1=0.954 L2=0.916 L3=0.878 L4=0.677
ep  240/300 loss=0.0222 (14.1m) | test microF1 L1=0.949 L2=0.906 L3=0.871 L4=0.652
ep  250/300 loss=0.0222 (14.7m) | test microF1 L1=0.950 L2=0.909 L3=0.869 L4=0.640
ep  260/300 loss=0.0222 (15.3m) | test microF1 L1=0.957 L2=0.918 L3=0.879 L4=0.676
ep  270/300 loss=0.0222 (15.9m) | test microF1 L1=0.955 L2=0.921 L3=0.890 L4=0.682
ep  280/300 loss=0.0222 (16.4m) | test microF1 L1=0.953 L2=0.917 L3=0.881 L4=0.659
ep  290/300 loss=0.0223 (17.0m) | test microF1 L1=0.950 L2=0.915 L3=0.872 L4=0.657
ep  300/300 loss=0.0222 (17.6m) | test microF1 L1=0.947 L2=0.904 L3=0.866 L4=0.669

=== per-level F1 (test) ===
 level  n_eval  macroP  macroR  macroF1  microP  microR  microF1
     1    5321  0.8956  0.9821   0.9357  0.9130  0.9846   0.9474
     2    5321  0.6740  0.8753   0.7435  0.8379  0.9819   0.9042
     3    5321  0.6001  0.7832   0.6557  0.7778  0.9776   0.8663
     4    5321  0.2924  0.4012   0.3171  0.5485  0.8583   0.6693
saved -> results/hier_chmcnn__real.csv
saved -> results/perclass__hier_chmcnn__real.csv (2149 classes)
saved -> results/freq_summary__hier_chmcnn__real.csv

=== 학습개수 구간별 (test 등장 클래스) ===
 level train_bin  n_classes  test_samples  micro_recall  micro_prec  macro_f1  classes_hit_ratio
     1      501+          7          5444         0.985       0.913     0.936              1.000
     2     11-20          2             3         0.667       1.000     0.500              0.500
     2     21-50          4             6         0.833       0.455     0.575              0.750
     2    51-100          2             7         1.000       1.000     1.000              1.000
     2   101-500         15           155         0.974       0.512     0.698              1.000
     2      501+         39          5310         0.982       0.855     0.873              1.000
     3      6-10          8             8         0.750       1.000     0.750              0.750
     3     11-20          9            13         0.615       0.571     0.415              0.556
     3     21-50         21            38         0.737       0.596     0.641              0.857
     3    51-100         15            48         0.958       0.505     0.681              1.000
     3   101-500         63           596         0.946       0.575     0.735              0.984
     3      501+         67          4796         0.985       0.821     0.875              1.000
     4       1-2          3             3         0.000       0.000     0.000              0.000
     4       3-5          3             3         0.000       0.000     0.000              0.000
     4      6-10        114           125         0.080       0.500     0.073              0.088
     4     11-20        247           327         0.193       0.500     0.165              0.206
     4     21-50        282           553         0.564       0.460     0.423              0.596
     4    51-100        185           594         0.840       0.440     0.620              0.924
     4   101-500        358          3057         0.977       0.574     0.758              0.994
     4      501+         43           962         0.994       0.704     0.856              1.000
=== HierEC 완료 -> results/hier_chmcnn__real.csv ===
